<ul>
  
    <li>loki</li>
  
    <li>tobi</li>
  
    <li>jane</li>
  
</ul>